[debug] [2026-02-12T15:45:20.018Z] ----------------------------------------------------------------------
[debug] [2026-02-12T15:45:20.022Z] Command:       C:\Program Files\nodejs\node.exe C:\Users\JosephA\AppData\Roaming\npm\node_modules\firebase-tools\lib\bin\firebase.js init database
[debug] [2026-02-12T15:45:20.023Z] CLI Version:   15.5.1
[debug] [2026-02-12T15:45:20.023Z] Platform:      win32
[debug] [2026-02-12T15:45:20.023Z] Node Version:  v24.11.1
[debug] [2026-02-12T15:45:20.023Z] Time:          Thu Feb 12 2026 10:45:20 GMT-0500 (hora estándar de Colombia)
[debug] [2026-02-12T15:45:20.023Z] ----------------------------------------------------------------------
[debug] 
[info] 
     ######## #### ########  ######## ########     ###     ######  ########
     ##        ##  ##     ## ##       ##     ##  ##   ##  ##       ##
     ######    ##  ########  ######   ########  #########  ######  ######
     ##        ##  ##    ##  ##       ##     ## ##     ##       ## ##
     ##       #### ##     ## ######## ########  ##     ##  ######  ########

You're about to initialize a Firebase project in this directory:

  C:\xampp\htdocs\Github

Before we get started, keep in mind:

  * You are currently outside your home directory

[info] 
=== Project Setup
[info] 
[info] First, let's associate this project directory with a Firebase project.
[info] You can create multiple project aliases by running firebase use --add, 
[info] 
[debug] [2026-02-12T15:45:34.540Z] ExitPromptError: User force closed the prompt with SIGINT
    at Interface.sigint (C:\Users\JosephA\AppData\Roaming\npm\node_modules\firebase-tools\node_modules\@inquirer\core\dist\commonjs\lib\create-prompt.js:101:37)
    at Interface.emit (node:events:508:28)
    at [_ttyWrite] [as _ttyWrite] (node:internal/readline/interface:1317:18)
    at ReadStream.onkeypress (node:internal/readline/interface:284:20)
    at ReadStream.emit (node:events:520:35)
    at emitKeys (node:internal/readline/utils:371:14)
    at emitKeys.next (<anonymous>)
    at ReadStream.onData (node:internal/readline/emitKeypressEvents:64:36)
    at ReadStream.emit (node:events:508:28)
    at addChunk (node:internal/streams/readable:559:12)
[error] 
[error] Error: An unexpected error has occurred.
